// Jest Snapshot v1, https://goo.gl/fbAQLP

exports[`filter router by query string 1`] = `"{\\"name\\":\\"spider\\",\\"power\\":\\"spider sense\\"}"`;

exports[`loads an external response body 1`] = `"{\\"id\\":\\"spider\\",\\"name\\":\\"spider\\"}"`;

exports[`returns simple response 1`] = `"{\\"name\\":\\"spider\\",\\"photos\\":\\"http://localhost:3000/spider/photos\\"}"`;

exports[`validates body payload 1`] = `"{\\"detail\\":\\"spider is not feeling well\\"}"`;

exports[`validates the header 1`] = `"{\\"detail\\":\\"spider is not feeling well\\"}"`;
